<div class="hand-history">
<h1>NLHE 2/4</h1>
</div>
