
<!DOCTYPE html>
<html xmlns="http://www.w3.org/1999/xhtml" xml:lang="en" lang="en">
<head>
<meta name="viewport" content="width=device-width, initial-scale=1">
<link rel="stylesheet" href="../../../../../anki_poker_master/resources/default.css">
</head>
<body>
<div class="hand-history">
<h1>NLHE 2/4</h1>
<p>Online game. Fairly tight. The blinds have only played a few hands each.</p>
<div class="pocket-cards">
<img src="../../../../../anki_poker_master/resources/images/apm-card-small-Th.png" alt="Th" title="Th">
<img src="../../../../../anki_poker_master/resources/images/apm-card-small-8c.png" alt="8c" title="8c">
</div>
<p><strong>Hero:</strong> Chao</p>
<h2>Preflop</h2>
<p>Pot: 6</p>
<table class="player-actions">
<thead>
<tr>
<th>Player</th>
<th>Stack</th>
<th colspan="1">Actions</th>
</tr></thead>
<tbody>
<tr>
<td>Ben <span class="dealerbtn">D</span></td>
<td>450</td>
<td>R 12</td></tr>
<tr>
<td>Naima</td>
<td>108</td>
<td>F</td></tr>
<tr class="hero">
<td>Chao</td>
<td>416</td>
<td>C</td></tr>
</tbody>
</table>
<h2>Flop</h2>
<p>Pot: 26</p>
<div class="board">
<img src="../../../../../anki_poker_master/resources/images/apm-card-small-Ah.png" alt="Ah" title="Ah">
<img src="../../../../../anki_poker_master/resources/images/apm-card-small-Ts.png" alt="Ts" title="Ts">
<img src="../../../../../anki_poker_master/resources/images/apm-card-small-8h.png" alt="8h" title="8h">
</div>
<table class="player-actions">
<thead>
<tr>
<th>Player</th>
<th>Stack</th>
<th colspan="1">Actions</th>
</tr></thead>
<tbody>
<tr class="not-playing">
<td>Naima</td>
<td>108</td>
<td></td></tr>
<tr class="hero">
<td>Chao</td>
<td>408</td>
<td>?</td></tr>
<tr>
<td>Ben <span class="dealerbtn">D</span></td>
<td>438</td>
<td></td></tr>
</tbody>
</table>
<p>
<strong>What do you do?</strong>
</p>
</div>
</body>
</html>
