<script></script>Cash 100BB 6P<br>
<b>Position: </b>CO<br>
<b>Scenario: </b>Opening<br>
