<style>.row {
    display: flex;
}

.column {
    flex: 50%;
    font-size: 12px;
}

.column_left {
    text-align: left;
}

.column_right {
    text-align: right;
}

small {
    font-size: 11px;
}

.row img {
    max-width: 100%;
}

.row img+img {
    margin-left: 5px;
}

@media (max-width: 600px) {
    .row img {
        max-width: 150px;
    }
}

table.range,
table.legend {
    border-collapse: collapse;
    font-size: 0.7em;
    font-family: monospace;
}

.nightMode,
.nightMode table.range,
.nightMode table.legend {
    color: #E5FFFF;
}

.nightMode a {
    color: #09F5F5;
}

table.range td,
table.legend td {
    border: 1px solid black;
    padding: 1px;
    text-align: center;
    width: 25px;
    height: 25px;
    box-sizing: border-box;
    overflow: hidden;
    background-color: white;
}

.nightMode table.range td,
.nightMode table.legend td {
    border: 1px solid #E5FFFF;
}

table.range:hover td {
    cursor: pointer;
}

table.legend th {
    text-align: left;
    padding: 5px;
}

table.range td.pair {
    border: 2px solid black;
}

.nightMode table.range td.pair {
    border: 2px solid #E5FFFF;
}

table.range td.center {
    font-weight: bold;
    font-size: 1.3em;
}

table.range td.fold,
table.legend td.fold {
    background-color: #D6D2D2;
}

.nightMode table.range td.fold,
.nightMode table.legend td.fold {
    background-color: #485153;
}

table.range td.call,
table.legend td.call {
    background-color: #4be488;
}

.nightMode table.range td.call,
.nightMode table.legend td.call {
    background-color: #009594;
}

table.range td.raise,
table.legend td.raise {
    background-color: #FF6A6A;
}

.nightMode table.range td.raise,
.nightMode table.legend td.raise {
    background-color: #8F0707;
}

table.range td.marked {
    background: repeating-linear-gradient(45deg,
            white,
            white 3px,
            #00000070 3px,
            #00000070 6px);
}

.nightMode table.range td.marked {
    background: repeating-linear-gradient(45deg,
            black,
            black 3px,
            #00000070 3px,
            #00000070 6px) !important;
}

table.range td.marked.fold {
    background: repeating-linear-gradient(45deg,
            #D6D2D2,
            #D6D2D2 3px,
            #00000070 3px,
            #00000070 6px);
}

.nightMode table.range td.marked.fold {
    background: repeating-linear-gradient(45deg,
            #485153,
            #485153 3px,
            #00000070 3px,
            #00000070 6px);
}

table.range td.marked.call {
    background: repeating-linear-gradient(45deg,
            #4BE488,
            #4BE488 3px,
            #00000070 3px,
            #00000070 6px);
}

.nightMode table.range td.marked.call {
    background: repeating-linear-gradient(45deg,
            #009594,
            #009594 3px,
            #00000070 3px,
            #00000070 6px);
}

table.range td.marked.raise {
    background: repeating-linear-gradient(45deg,
            #FF6A6A,
            #FF6A6A 3px,
            #00000070 3px,
            #00000070 6px);
}

.nightMode table.range td.marked.raise {
    background: repeating-linear-gradient(45deg,
            #8F0707,
            #8F0707 3px,
            #00000070 3px,
            #00000070 6px);
}

table.range td.blank {
    /* Blanking a cell must have priority */
    background-color: white !important;
}

table.range td.marked.blank {
    background: repeating-linear-gradient(45deg,
            white,
            white 3px,
            #00000070 3px,
            #00000070 6px) !important;
}

.nightMode table.range td.blank {
    background-color: black !important;
}

.nightMode table.range td.marked.blank {
    background: repeating-linear-gradient(45deg,
            black,
            black 3px,
            #CCCCCCA0 3px,
            #CCCCCCA0 6px) !important;
}


/* Hand history CSS */

table.player-actions {
    margin-top: 10px;
    width: 100%;
    table-layout: fixed;
}

table.player-actions td {
    padding: 5px;
}

table.player-actions thead tr th {
    background: white;
    color: black;
    text-align: left;
}

table.player-actions thead tr th:first-child {
    width: 20%;
}

table.player-actions thead tr th:nth-child(2) {
    width: 20%;
}

.nightMode table.player-actions thead tr th {
    background: #333;
    color: white;
}

table.player-actions thead tr:hover {
    background: white;
}

table.player-actions tr:nth-child(odd) {
    background: #f9f9f9;
}

.nightMode table.player-actions tr:nth-child(odd) {
    background: #444;
}

table.player-actions tr:nth-child(even) {
    background: #f0f0f0;
}

.nightMode table.player-actions tr:nth-child(even) {
    background: #333;
}

table.player-actions tr:hover {
    background: #e0e0e0;
}

.nightMode table.player-actions tr:hover {
    background: #555;
}

table.player-actions tr.hero {
    background: #fcecc1;
}

.nightMode table.player-actions tr.hero {
    background: #8a6b2b;
}

table.player-actions tr.hero:hover {
    background: #f7e087;
}

.nightMode table.player-actions tr.hero:hover {
    background: #c49f54;
}

table.player-actions .dealerbtn {
    background: green;
    border-radius: 50%;
    width: 20px;
    height: 20px;
    display: inline-block;
    text-align: center;
    margin-left: 5px;
    font-size: 12px;
    color: white;
    /* align the text vertically */
    line-height: 20px;
    /* add a shadown */
    box-shadow: 0 0 5px rgba(0, 0, 0, 0.5);
}

table.player-actions tr.not-playing {
    font-size: 7px;
    color: gray;
}

.nightMode table.player-actions tr.not-playing {
    color: #c2c0c0;
}

table.player-actions tr.not-playing .dealerbtn {
    font-size: 7px;
    line-height: 10px;
    width: 10px;
    height: 10px;
}

table.player-actions td .fold-action {
    color: red;
    font-weight: bold;
    font-size: 1.2em;
    font-family: mono;
}

table.player-actions td .raise-action, table.player-actions td .bet-action {
    color: green;
    font-weight: bold;
    font-size: 1.2em;
    font-family: mono;
}

table.player-actions td .raise-action.all-in-action, table.player-actions td .bet-action.all-in-action {
    color: darkgreen;
}

table.player-actions td .check-action, table.player-actions td .call-action {
    color: blue;
    font-weight: bold;
    font-size: 1.2em;
    font-family: mono;
}

table.player-actions td .call-action.all-in-action {
    color: darkblue;
}

table.player-actions td .question-action {
    color: black;
    font-weight: bold;
    font-size: 1.2em;
    font-family: mono;
}
</style><div class="row">
    <div class="column column_left">
        e2e-test poker
    </div>
    <div class="column column_right">
    </div>
</div>
<style>

</style>
<b>Game: </b>NLHE
<br>
<b>Scenario: </b>Top left
<br>
<b>Position: </b>UTG
<br>
<br>Fill in the blank (entire table)<br><table class="markable range">
    <tr>
        <td class="blank pair">AA</td>
        <td class="blank suited">AKs</td>
        <td class="blank suited">AQs</td>
        <td class="blank suited">AJs</td>
        <td class="blank suited">ATs</td>
        <td class="blank suited">A9s</td>
        <td class="blank suited">A8s</td>
        <td class="blank suited">A7s</td>
        <td class="blank suited">A6s</td>
        <td class="blank suited">A5s</td>
        <td class="blank suited">A4s</td>
        <td class="blank suited">A3s</td>
        <td class="blank suited">A2s</td>
    </tr>
    <tr>
        <td class="blank offsuit">AKo</td>
        <td class="blank pair">KK</td>
        <td class="blank suited">KQs</td>
        <td class="blank suited">KJs</td>
        <td class="blank suited">KTs</td>
        <td class="blank suited">K9s</td>
        <td class="blank suited">K8s</td>
        <td class="blank suited">K7s</td>
        <td class="blank suited">K6s</td>
        <td class="blank suited">K5s</td>
        <td class="blank suited">K4s</td>
        <td class="blank suited">K3s</td>
        <td class="blank suited">K2s</td>
    </tr>
    <tr>
        <td class="blank offsuit">AQo</td>
        <td class="blank offsuit">KQo</td>
        <td class="blank pair">QQ</td>
        <td class="blank suited">QJs</td>
        <td class="blank suited">QTs</td>
        <td class="blank suited">Q9s</td>
        <td class="blank suited">Q8s</td>
        <td class="blank suited">Q7s</td>
        <td class="blank suited">Q6s</td>
        <td class="blank suited">Q5s</td>
        <td class="blank suited">Q4s</td>
        <td class="blank suited">Q3s</td>
        <td class="blank suited">Q2s</td>
    </tr>
    <tr>
        <td class="blank offsuit">AJo</td>
        <td class="blank offsuit">KJo</td>
        <td class="blank offsuit">QJo</td>
        <td class="blank pair">JJ</td>
        <td class="blank suited">JTs</td>
        <td class="blank suited">J9s</td>
        <td class="blank suited">J8s</td>
        <td class="blank suited">J7s</td>
        <td class="blank suited">J6s</td>
        <td class="blank suited">J5s</td>
        <td class="blank suited">J4s</td>
        <td class="blank suited">J3s</td>
        <td class="blank suited">J2s</td>
    </tr>
    <tr>
        <td class="blank offsuit">ATo</td>
        <td class="blank offsuit">KTo</td>
        <td class="blank offsuit">QTo</td>
        <td class="blank offsuit">JTo</td>
        <td class="blank pair">TT</td>
        <td class="blank suited">T9s</td>
        <td class="blank suited">T8s</td>
        <td class="blank suited">T7s</td>
        <td class="blank suited">T6s</td>
        <td class="blank suited">T5s</td>
        <td class="blank suited">T4s</td>
        <td class="blank suited">T3s</td>
        <td class="blank suited">T2s</td>
    </tr>
    <tr>
        <td class="blank offsuit">A9o</td>
        <td class="blank offsuit">K9o</td>
        <td class="blank offsuit">Q9o</td>
        <td class="blank offsuit">J9o</td>
        <td class="blank offsuit">T9o</td>
        <td class="blank pair">99</td>
        <td class="blank suited">98s</td>
        <td class="blank suited">97s</td>
        <td class="blank suited">96s</td>
        <td class="blank suited">95s</td>
        <td class="blank suited">94s</td>
        <td class="blank suited">93s</td>
        <td class="blank suited">92s</td>
    </tr>
    <tr>
        <td class="blank offsuit">A8o</td>
        <td class="blank offsuit">K8o</td>
        <td class="blank offsuit">Q8o</td>
        <td class="blank offsuit">J8o</td>
        <td class="blank offsuit">T8o</td>
        <td class="blank offsuit">98o</td>
        <td class="blank pair center">88</td>
        <td class="blank suited">87s</td>
        <td class="blank suited">86s</td>
        <td class="blank suited">85s</td>
        <td class="blank suited">84s</td>
        <td class="blank suited">83s</td>
        <td class="blank suited">82s</td>
    </tr>
    <tr>
        <td class="blank offsuit">A7o</td>
        <td class="blank offsuit">K7o</td>
        <td class="blank offsuit">Q7o</td>
        <td class="blank offsuit">J7o</td>
        <td class="blank offsuit">T7o</td>
        <td class="blank offsuit">97o</td>
        <td class="blank offsuit">87o</td>
        <td class="blank pair">77</td>
        <td class="blank suited">76s</td>
        <td class="blank suited">75s</td>
        <td class="blank suited">74s</td>
        <td class="blank suited">73s</td>
        <td class="blank suited">72s</td>
    </tr>
    <tr>
        <td class="blank offsuit">A6o</td>
        <td class="blank offsuit">K6o</td>
        <td class="blank offsuit">Q6o</td>
        <td class="blank offsuit">J6o</td>
        <td class="blank offsuit">T6o</td>
        <td class="blank offsuit">96o</td>
        <td class="blank offsuit">86o</td>
        <td class="blank offsuit">76o</td>
        <td class="blank pair">66</td>
        <td class="blank suited">65s</td>
        <td class="blank suited">64s</td>
        <td class="blank suited">63s</td>
        <td class="blank suited">62s</td>
    </tr>
    <tr>
        <td class="blank offsuit">A5o</td>
        <td class="blank offsuit">K5o</td>
        <td class="blank offsuit">Q5o</td>
        <td class="blank offsuit">J5o</td>
        <td class="blank offsuit">T5o</td>
        <td class="blank offsuit">95o</td>
        <td class="blank offsuit">85o</td>
        <td class="blank offsuit">75o</td>
        <td class="blank offsuit">65o</td>
        <td class="blank pair">55</td>
        <td class="blank suited">54s</td>
        <td class="blank suited">53s</td>
        <td class="blank suited">52s</td>
    </tr>
    <tr>
        <td class="blank offsuit">A4o</td>
        <td class="blank offsuit">K4o</td>
        <td class="blank offsuit">Q4o</td>
        <td class="blank offsuit">J4o</td>
        <td class="blank offsuit">T4o</td>
        <td class="blank offsuit">94o</td>
        <td class="blank offsuit">84o</td>
        <td class="blank offsuit">74o</td>
        <td class="blank offsuit">64o</td>
        <td class="blank offsuit">54o</td>
        <td class="blank pair">44</td>
        <td class="blank suited">43s</td>
        <td class="blank suited">42s</td>
    </tr>
    <tr>
        <td class="blank offsuit">A3o</td>
        <td class="blank offsuit">K3o</td>
        <td class="blank offsuit">Q3o</td>
        <td class="blank offsuit">J3o</td>
        <td class="blank offsuit">T3o</td>
        <td class="blank offsuit">93o</td>
        <td class="blank offsuit">83o</td>
        <td class="blank offsuit">73o</td>
        <td class="blank offsuit">63o</td>
        <td class="blank offsuit">53o</td>
        <td class="blank offsuit">43o</td>
        <td class="blank pair">33</td>
        <td class="blank suited">32s</td>
    </tr>
    <tr>
        <td class="blank offsuit">A2o</td>
        <td class="blank offsuit">K2o</td>
        <td class="blank offsuit">Q2o</td>
        <td class="blank offsuit">J2o</td>
        <td class="blank offsuit">T2o</td>
        <td class="blank offsuit">92o</td>
        <td class="blank offsuit">82o</td>
        <td class="blank offsuit">72o</td>
        <td class="blank offsuit">62o</td>
        <td class="blank offsuit">52o</td>
        <td class="blank offsuit">42o</td>
        <td class="blank offsuit">32o</td>
        <td class="blank pair">22</td>
    </tr>
</table><br><table class='legend'>
    <tr>
        <th class='row'>Call</th>
        <td class='call'>&nbsp;</td>
    </tr>
    <tr>
        <th class='row'>Fold</th>
        <td class='fold'>&nbsp;</td>
    </tr>
    <tr>
        <th class='row'>Raise</th>
        <td class='raise'>&nbsp;</td>
    </tr>
</table>
<script>/*
For all td cells within the table.range we want to do the following
- When clicking a cell the 'marked' class should be toggled.
- When clicking and dragging it should also be toggled but only
  depending on the first cell (i.e. either mark or unmark all of them).
*/
function setupDragging() {
    function handleStart(e) {
        if ((e instanceof MouseEvent && e.button !== 0) || (e.touches && e.touches.length > 1)) {
            return;  // Not the primary button or single touch, ignore the event
        }
        e.preventDefault();
        dragging = true;
        if (!this.classList.contains('marked')) {
            this.classList.add('marked');
            isMarking = true;
        } else {
            this.classList.remove('marked');
            isMarking = false;
        }
    }

    function handleMove(e) {
        if (dragging) {
            let target;
            if (e instanceof MouseEvent) {
                target = e.target;
            } else if (e instanceof TouchEvent && e.touches.length > 0) {
                target = document.elementFromPoint(e.touches[0].clientX, e.touches[0].clientY);
            }
            if (target && target.nodeName === 'TD' && target.closest('table.range')) {
                if (isMarking) {
                    target.classList.add('marked');
                } else {
                    target.classList.remove('marked');
                }
            }
        }
    }

    function handleEnd(e) {
        if ((e instanceof MouseEvent && e.button === 0) || e instanceof TouchEvent) {
            dragging = false;
        }
    }

    let dragging = false;
    let isMarking = true;
    document.querySelectorAll('table.range.markable td').forEach(cell => {
        cell.addEventListener('mousedown', handleStart);
        cell.addEventListener('touchstart', handleStart);
        cell.addEventListener('mousemove', handleMove);
        cell.addEventListener('touchmove', handleMove);
    });
    document.addEventListener('mouseup', handleEnd);
    document.addEventListener('touchend', handleEnd);
}

if (typeof onUpdateHook !== 'undefined') {
    onUpdateHook.push(setupDragging);
} else {
    setupDragging();
}
</script>