<style>
    .row {
        display: flex;
    }

    .column {
        flex: 50%;
        font-size: 12px;
    }

    .column_left {
        text-align: left;
    }

    .column_right {
        text-align: right;
    }

    small {
        font-size: 11px;
    }

    .row img {
        max-width: 100%;
    }

    .row img+img {
        margin-left: 5px;
    }

    @media (max-width: 600px) {
        .row img {
            max-width: 150px;
        }
    }

    table.range,
    table.legend {
        border-collapse: collapse;
        font-size: 0.7em;
        font-family: monospace;
    }

    .nightMode,
    .nightMode table.range,
    .nightMode table.legend {
        color: #E5FFFF;
    }

    .nightMode a {
        color: #09F5F5;
    }

    table.range td,
    table.legend td {
        border: 1px solid black;
        padding: 1px;
        text-align: center;
        width: 25px;
        height: 25px;
        box-sizing: border-box;
        overflow: hidden;
        background-color: white;
    }

    .nightMode table.range td,
    .nightMode table.legend td {
        border: 1px solid #E5FFFF;
    }

    table.range:hover td {
        cursor: pointer;
    }

    table.legend th {
        text-align: left;
        padding: 5px;
    }

    table.range td.pair {
        border: 2px solid black;
    }

    .nightMode table.range td.pair {
        border: 2px solid #E5FFFF;
    }

    table.range td.center {
        font-weight: bold;
        font-size: 1.3em;
    }

    table.range td.fold,
    table.legend td.fold {
        background-color: #D6D2D2;
    }

    .nightMode table.range td.fold,
    .nightMode table.legend td.fold {
        background-color: #485153;
    }

    table.range td.call,
    table.legend td.call {
        background-color: #4be488;
    }

    .nightMode table.range td.call,
    .nightMode table.legend td.call {
        background-color: #009594;
    }

    table.range td.raise,
    table.legend td.raise {
        background-color: #FF6A6A;
    }

    .nightMode table.range td.raise,
    .nightMode table.legend td.raise {
        background-color: #8F0707;
    }

    table.range td.marked {
        background: repeating-linear-gradient(45deg,
                white,
                white 3px,
                #00000070 3px,
                #00000070 6px);
    }

    .nightMode table.range td.marked {
        background: repeating-linear-gradient(45deg,
                black,
                black 3px,
                #00000070 3px,
                #00000070 6px) !important;
    }

    table.range td.marked.fold {
        background: repeating-linear-gradient(45deg,
                #D6D2D2,
                #D6D2D2 3px,
                #00000070 3px,
                #00000070 6px);
    }

    .nightMode table.range td.marked.fold {
        background: repeating-linear-gradient(45deg,
                #485153,
                #485153 3px,
                #00000070 3px,
                #00000070 6px);
    }

    table.range td.marked.call {
        background: repeating-linear-gradient(45deg,
                #4BE488,
                #4BE488 3px,
                #00000070 3px,
                #00000070 6px);
    }

    .nightMode table.range td.marked.call {
        background: repeating-linear-gradient(45deg,
                #009594,
                #009594 3px,
                #00000070 3px,
                #00000070 6px);
    }

    table.range td.marked.raise {
        background: repeating-linear-gradient(45deg,
                #FF6A6A,
                #FF6A6A 3px,
                #00000070 3px,
                #00000070 6px);
    }

    .nightMode table.range td.marked.raise {
        background: repeating-linear-gradient(45deg,
                #8F0707,
                #8F0707 3px,
                #00000070 3px,
                #00000070 6px);
    }

    table.range td.blank {
        /* Blanking a cell must have priority */
        background-color: white !important;
    }

    table.range td.marked.blank {
        background: repeating-linear-gradient(45deg,
                white,
                white 3px,
                #00000070 3px,
                #00000070 6px) !important;
    }

    .nightMode table.range td.blank {
        background-color: black !important;
    }

    .nightMode table.range td.marked.blank {
        background: repeating-linear-gradient(45deg,
                black,
                black 3px,
                #CCCCCCA0 3px,
                #CCCCCCA0 6px) !important;
    }


    /* Hand history CSS */

    table.player-actions {
        margin-top: 10px;
        width: 100%;
    }

    table.player-actions td {
        padding: 5px;
    }

    table.player-actions thead tr th {
        background: white;
        color: black;
        text-align: left;
    }

    .nightMode table.player-actions thead tr th {
        background: #333;
        color: white;
    }

    table.player-actions thead tr:hover {
        background: white;
    }

    table.player-actions tr:nth-child(odd) {
        background: #f9f9f9;
    }

    .nightMode table.player-actions tr:nth-child(odd) {
        background: #444;
    }

    table.player-actions tr:nth-child(even) {
        background: #f0f0f0;
    }

    .nightMode table.player-actions tr:nth-child(even) {
        background: #333;
    }

    table.player-actions tr:hover {
        background: #e0e0e0;
    }

    .nightMode table.player-actions tr:hover {
        background: #555;
    }

    table.player-actions tr.hero {
        background: #fcecc1;
    }

    .nightMode table.player-actions tr.hero {
        background: #8a6b2b;
    }

    table.player-actions tr.hero:hover {
        background: #f7e087;
    }

    .nightMode table.player-actions tr.hero:hover {
        background: #c49f54;
    }

    table.player-actions .dealerbtn {
        background: green;
        border-radius: 50%;
        width: 20px;
        height: 20px;
        display: inline-block;
        text-align: center;
        margin-left: 5px;
        font-size: 12px;
        color: white;
        /* align the text vertically */
        line-height: 20px;
        /* add a shadown */
        box-shadow: 0 0 5px rgba(0, 0, 0, 0.5);
    }

    table.player-actions tr.not-playing {
        font-size: 7px;
        color: gray;
    }

    .nightMode table.player-actions tr.not-playing {
        color: #c2c0c0;
    }

    table.player-actions tr.not-playing .dealerbtn {
        font-size: 7px;
        line-height: 10px;
        width: 10px;
        height: 10px;
    }

    table.player-actions td .fold-action {
        color: red;
        font-weight: bold;
        font-size: 1.2em;
        font-family: mono;
    }

    table.player-actions td .raise-action, table.player-actions td .bet-action {
        color: green;
        font-weight: bold;
        font-size: 1.2em;
        font-family: mono;
    }

    table.player-actions td .raise-action.all-in-action, table.player-actions td .bet-action.all-in-action {
        color: darkgreen;
    }

    table.player-actions td .check-action, table.player-actions td .call-action {
        color: blue;
        font-weight: bold;
        font-size: 1.2em;
        font-family: mono;
    }

    table.player-actions td .call-action.all-in-action {
        color: darkblue;
    }

    table.player-actions td .question-action {
        color: black;
        font-weight: bold;
        font-size: 1.2em;
        font-family: mono;
    }

    table.player-actions td .no-action {
        color: lightgray;
        font-weight: bold;
        font-size: 1.2em;
        font-family: mono;
    }
</style>
<style>
</style>
<table class="markable range">
    <tr>
        <td class="fold pair blank">AA</td>
        <td class="fold suited blank">AKs</td>
        <td class="fold suited blank">AQs</td>
        <td class="fold suited blank">AJs</td>
        <td class="fold suited blank">ATs</td>
        <td class="fold suited blank">A9s</td>
        <td class="fold suited blank">A8s</td>
        <td class="fold suited blank">A7s</td>
        <td class="fold suited blank">A6s</td>
        <td class="fold suited blank">A5s</td>
        <td class="fold suited blank">A4s</td>
        <td class="fold suited blank">A3s</td>
        <td class="fold suited blank">A2s</td>
    </tr>
    <tr>
        <td class="fold offsuit blank">AKo</td>
        <td class="fold pair blank">KK</td>
        <td class="fold suited blank">KQs</td>
        <td class="fold suited blank">KJs</td>
        <td class="fold suited blank">KTs</td>
        <td class="fold suited blank">K9s</td>
        <td class="fold suited blank">K8s</td>
        <td class="fold suited blank">K7s</td>
        <td class="fold suited blank">K6s</td>
        <td class="fold suited blank">K5s</td>
        <td class="fold suited blank">K4s</td>
        <td class="fold suited blank">K3s</td>
        <td class="fold suited blank">K2s</td>
    </tr>
    <tr>
        <td class="fold offsuit blank">AQo</td>
        <td class="fold offsuit blank">KQo</td>
        <td class="fold pair blank">QQ</td>
        <td class="fold suited blank">QJs</td>
        <td class="fold suited blank">QTs</td>
        <td class="fold suited blank">Q9s</td>
        <td class="fold suited blank">Q8s</td>
        <td class="fold suited blank">Q7s</td>
        <td class="fold suited blank">Q6s</td>
        <td class="fold suited blank">Q5s</td>
        <td class="fold suited blank">Q4s</td>
        <td class="fold suited blank">Q3s</td>
        <td class="fold suited blank">Q2s</td>
    </tr>
    <tr>
        <td class="fold offsuit blank">AJo</td>
        <td class="fold offsuit blank">KJo</td>
        <td class="fold offsuit blank">QJo</td>
        <td class="fold pair blank">JJ</td>
        <td class="fold suited blank">JTs</td>
        <td class="fold suited blank">J9s</td>
        <td class="fold suited blank">J8s</td>
        <td class="fold suited blank">J7s</td>
        <td class="fold suited blank">J6s</td>
        <td class="fold suited blank">J5s</td>
        <td class="fold suited blank">J4s</td>
        <td class="fold suited blank">J3s</td>
        <td class="fold suited blank">J2s</td>
    </tr>
    <tr>
        <td class="fold offsuit blank">ATo</td>
        <td class="fold offsuit blank">KTo</td>
        <td class="fold offsuit blank">QTo</td>
        <td class="fold offsuit blank">JTo</td>
        <td class="fold pair blank">TT</td>
        <td class="fold suited blank">T9s</td>
        <td class="fold suited blank">T8s</td>
        <td class="fold suited blank">T7s</td>
        <td class="fold suited blank">T6s</td>
        <td class="fold suited blank">T5s</td>
        <td class="fold suited blank">T4s</td>
        <td class="fold suited blank">T3s</td>
        <td class="fold suited blank">T2s</td>
    </tr>
    <tr>
        <td class="fold offsuit blank">A9o</td>
        <td class="fold offsuit blank">K9o</td>
        <td class="fold offsuit blank">Q9o</td>
        <td class="fold offsuit blank">J9o</td>
        <td class="fold offsuit blank">T9o</td>
        <td class="fold pair blank">99</td>
        <td class="fold suited blank">98s</td>
        <td class="fold suited blank">97s</td>
        <td class="fold suited blank">96s</td>
        <td class="fold suited blank">95s</td>
        <td class="fold suited blank">94s</td>
        <td class="fold suited blank">93s</td>
        <td class="fold suited blank">92s</td>
    </tr>
    <tr>
        <td class="fold offsuit blank">A8o</td>
        <td class="fold offsuit blank">K8o</td>
        <td class="fold offsuit blank">Q8o</td>
        <td class="fold offsuit blank">J8o</td>
        <td class="fold offsuit blank">T8o</td>
        <td class="fold offsuit blank">98o</td>
        <td class="fold pair blank center">88</td>
        <td class="fold suited blank">87s</td>
        <td class="fold suited blank">86s</td>
        <td class="fold suited blank">85s</td>
        <td class="fold suited blank">84s</td>
        <td class="fold suited blank">83s</td>
        <td class="fold suited blank">82s</td>
    </tr>
    <tr>
        <td class="fold offsuit blank">A7o</td>
        <td class="fold offsuit blank">K7o</td>
        <td class="fold offsuit blank">Q7o</td>
        <td class="fold offsuit blank">J7o</td>
        <td class="fold offsuit blank">T7o</td>
        <td class="fold offsuit blank">97o</td>
        <td class="fold offsuit blank">87o</td>
        <td class="fold pair blank">77</td>
        <td class="fold suited blank">76s</td>
        <td class="fold suited blank">75s</td>
        <td class="fold suited blank">74s</td>
        <td class="fold suited blank">73s</td>
        <td class="fold suited blank">72s</td>
    </tr>
    <tr>
        <td class="fold offsuit blank">A6o</td>
        <td class="fold offsuit blank">K6o</td>
        <td class="fold offsuit blank">Q6o</td>
        <td class="fold offsuit blank">J6o</td>
        <td class="fold offsuit blank">T6o</td>
        <td class="fold offsuit blank">96o</td>
        <td class="fold offsuit blank">86o</td>
        <td class="fold offsuit blank">76o</td>
        <td class="fold pair blank">66</td>
        <td class="fold suited blank">65s</td>
        <td class="fold suited blank">64s</td>
        <td class="fold suited blank">63s</td>
        <td class="fold suited blank">62s</td>
    </tr>
    <tr>
        <td class="fold offsuit blank">A5o</td>
        <td class="fold offsuit blank">K5o</td>
        <td class="fold offsuit blank">Q5o</td>
        <td class="fold offsuit blank">J5o</td>
        <td class="fold offsuit blank">T5o</td>
        <td class="fold offsuit blank">95o</td>
        <td class="fold offsuit blank">85o</td>
        <td class="fold offsuit blank">75o</td>
        <td class="fold offsuit blank">65o</td>
        <td class="fold pair blank">55</td>
        <td class="fold suited blank">54s</td>
        <td class="fold suited blank">53s</td>
        <td class="fold suited blank">52s</td>
    </tr>
    <tr>
        <td class="fold offsuit blank">A4o</td>
        <td class="fold offsuit blank">K4o</td>
        <td class="fold offsuit blank">Q4o</td>
        <td class="fold offsuit blank">J4o</td>
        <td class="fold offsuit blank">T4o</td>
        <td class="fold offsuit blank">94o</td>
        <td class="fold offsuit blank">84o</td>
        <td class="fold offsuit blank">74o</td>
        <td class="fold offsuit blank">64o</td>
        <td class="fold offsuit blank">54o</td>
        <td class="fold pair blank">44</td>
        <td class="fold suited blank">43s</td>
        <td class="fold suited blank">42s</td>
    </tr>
    <tr>
        <td class="fold offsuit blank">A3o</td>
        <td class="fold offsuit blank">K3o</td>
        <td class="fold offsuit blank">Q3o</td>
        <td class="fold offsuit blank">J3o</td>
        <td class="fold offsuit blank">T3o</td>
        <td class="fold offsuit blank">93o</td>
        <td class="fold offsuit blank">83o</td>
        <td class="fold offsuit blank">73o</td>
        <td class="fold offsuit blank">63o</td>
        <td class="fold offsuit blank">53o</td>
        <td class="fold offsuit blank">43o</td>
        <td class="fold pair blank">33</td>
        <td class="fold suited blank">32s</td>
    </tr>
    <tr>
        <td class="fold offsuit blank">A2o</td>
        <td class="fold offsuit blank">K2o</td>
        <td class="fold offsuit blank">Q2o</td>
        <td class="fold offsuit blank">J2o</td>
        <td class="fold offsuit blank">T2o</td>
        <td class="fold offsuit blank">92o</td>
        <td class="fold offsuit blank">82o</td>
        <td class="fold offsuit blank">72o</td>
        <td class="fold offsuit blank">62o</td>
        <td class="fold offsuit blank">52o</td>
        <td class="fold offsuit blank">42o</td>
        <td class="fold offsuit blank">32o</td>
        <td class="fold pair blank">22</td>
    </tr>
</table>
<script>
    /*
    For all td cells within the table.range we want to do the following
    - When clicking a cell the 'marked' class should be toggled.
    - When clicking and dragging it should also be toggled but only
      depending on the first cell (i.e. either mark or unmark all of them).
    */
    function setupDragging() {
        function handleStart(e) {
            if ((e instanceof MouseEvent && e.button !== 0) || (e.touches && e.touches.length > 1)) {
                return;  // Not the primary button or single touch, ignore the event
            }
            e.preventDefault();
            dragging = true;
            if (!this.classList.contains('marked')) {
                this.classList.add('marked');
                isMarking = true;
            } else {
                this.classList.remove('marked');
                isMarking = false;
            }
        }

        function handleMove(e) {
            if (dragging) {
                let target;
                if (e instanceof MouseEvent) {
                    target = e.target;
                } else if (e instanceof TouchEvent && e.touches.length > 0) {
                    target = document.elementFromPoint(e.touches[0].clientX, e.touches[0].clientY);
                }
                if (target && target.nodeName === 'TD' && target.closest('table.range')) {
                    if (isMarking) {
                        target.classList.add('marked');
                    } else {
                        target.classList.remove('marked');
                    }
                }
            }
        }

        function handleEnd(e) {
            if ((e instanceof MouseEvent && e.button === 0) || e instanceof TouchEvent) {
                dragging = false;
            }
        }

        let dragging = false;
        let isMarking = true;
        document.querySelectorAll('table.range.markable td').forEach(cell => {
            cell.addEventListener('mousedown', handleStart);
            cell.addEventListener('touchstart', handleStart);
            cell.addEventListener('mousemove', handleMove);
            cell.addEventListener('touchmove', handleMove);
        });
        document.addEventListener('mouseup', handleEnd);
        document.addEventListener('touchend', handleEnd);
    }

    if (typeof onUpdateHook !== 'undefined') {
        onUpdateHook.push(setupDragging);
    } else {
        setupDragging();
    }
</script>
