<style>
    table.range, table.legend {
        border-collapse: collapse;
        font-size: 0.7em;
        font-family: monospace;
    }
    table.range td, table.legend td {
        border: 1px solid black;
        padding: 1px;
        text-align: center;
        width: 25px;
        height: 25px;
        box-sizing: border-box;
        overflow: hidden;
    }
    td {
        background-color: white;
    }
    table.legend th {
        text-align: left;
        padding: 5px;
    }
    table.range td.pair {
        border: 2px solid black;
    }
    table.range td.center {
        font-weight: bold;
        font-size: 1.3em;
    }
    td.fold {
        background-color: #D6D2D2;
    }
    td.call {
        background-color: #4BE488;
    }
    td.raise {
        background-color: #FF6A6A;
    }
    td.blank {
        background-color: white !important;
    }
</style>
<style>
</style>
<table class="range">
    <tr>
        <td class="fold pair blank">AA</td>
        <td class="fold suited blank">AKs</td>
        <td class="fold suited blank">AQs</td>
        <td class="fold suited blank">AJs</td>
        <td class="fold suited blank">ATs</td>
        <td class="fold suited blank">A9s</td>
        <td class="fold suited blank">A8s</td>
        <td class="fold suited blank">A7s</td>
        <td class="fold suited blank">A6s</td>
        <td class="fold suited blank">A5s</td>
        <td class="fold suited blank">A4s</td>
        <td class="fold suited blank">A3s</td>
        <td class="fold suited blank">A2s</td>
    </tr>
    <tr>
        <td class="fold offsuit blank">AKo</td>
        <td class="fold pair blank">KK</td>
        <td class="fold suited blank">KQs</td>
        <td class="fold suited blank">KJs</td>
        <td class="fold suited blank">KTs</td>
        <td class="fold suited blank">K9s</td>
        <td class="fold suited blank">K8s</td>
        <td class="fold suited blank">K7s</td>
        <td class="fold suited blank">K6s</td>
        <td class="fold suited blank">K5s</td>
        <td class="fold suited blank">K4s</td>
        <td class="fold suited blank">K3s</td>
        <td class="fold suited blank">K2s</td>
    </tr>
    <tr>
        <td class="fold offsuit blank">AQo</td>
        <td class="fold offsuit blank">KQo</td>
        <td class="fold pair blank">QQ</td>
        <td class="fold suited blank">QJs</td>
        <td class="fold suited blank">QTs</td>
        <td class="fold suited blank">Q9s</td>
        <td class="fold suited blank">Q8s</td>
        <td class="fold suited blank">Q7s</td>
        <td class="fold suited blank">Q6s</td>
        <td class="fold suited blank">Q5s</td>
        <td class="fold suited blank">Q4s</td>
        <td class="fold suited blank">Q3s</td>
        <td class="fold suited blank">Q2s</td>
    </tr>
    <tr>
        <td class="fold offsuit blank">AJo</td>
        <td class="fold offsuit blank">KJo</td>
        <td class="fold offsuit blank">QJo</td>
        <td class="fold pair blank">JJ</td>
        <td class="fold suited blank">JTs</td>
        <td class="fold suited blank">J9s</td>
        <td class="fold suited blank">J8s</td>
        <td class="fold suited blank">J7s</td>
        <td class="fold suited blank">J6s</td>
        <td class="fold suited blank">J5s</td>
        <td class="fold suited blank">J4s</td>
        <td class="fold suited blank">J3s</td>
        <td class="fold suited blank">J2s</td>
    </tr>
    <tr>
        <td class="fold offsuit blank">ATo</td>
        <td class="fold offsuit blank">KTo</td>
        <td class="fold offsuit blank">QTo</td>
        <td class="fold offsuit blank">JTo</td>
        <td class="fold pair blank">TT</td>
        <td class="fold suited blank">T9s</td>
        <td class="fold suited blank">T8s</td>
        <td class="fold suited blank">T7s</td>
        <td class="fold suited blank">T6s</td>
        <td class="fold suited blank">T5s</td>
        <td class="fold suited blank">T4s</td>
        <td class="fold suited blank">T3s</td>
        <td class="fold suited blank">T2s</td>
    </tr>
    <tr>
        <td class="fold offsuit blank">A9o</td>
        <td class="fold offsuit blank">K9o</td>
        <td class="fold offsuit blank">Q9o</td>
        <td class="fold offsuit blank">J9o</td>
        <td class="fold offsuit blank">T9o</td>
        <td class="fold pair blank">99</td>
        <td class="fold suited blank">98s</td>
        <td class="fold suited blank">97s</td>
        <td class="fold suited blank">96s</td>
        <td class="fold suited blank">95s</td>
        <td class="fold suited blank">94s</td>
        <td class="fold suited blank">93s</td>
        <td class="fold suited blank">92s</td>
    </tr>
    <tr>
        <td class="fold offsuit blank">A8o</td>
        <td class="fold offsuit blank">K8o</td>
        <td class="fold offsuit blank">Q8o</td>
        <td class="fold offsuit blank">J8o</td>
        <td class="fold offsuit blank">T8o</td>
        <td class="fold offsuit blank">98o</td>
        <td class="fold pair blank center">88</td>
        <td class="fold suited blank">87s</td>
        <td class="fold suited blank">86s</td>
        <td class="fold suited blank">85s</td>
        <td class="fold suited blank">84s</td>
        <td class="fold suited blank">83s</td>
        <td class="fold suited blank">82s</td>
    </tr>
    <tr>
        <td class="fold offsuit blank">A7o</td>
        <td class="fold offsuit blank">K7o</td>
        <td class="fold offsuit blank">Q7o</td>
        <td class="fold offsuit blank">J7o</td>
        <td class="fold offsuit blank">T7o</td>
        <td class="fold offsuit blank">97o</td>
        <td class="fold offsuit blank">87o</td>
        <td class="fold pair blank">77</td>
        <td class="fold suited blank">76s</td>
        <td class="fold suited blank">75s</td>
        <td class="fold suited blank">74s</td>
        <td class="fold suited blank">73s</td>
        <td class="fold suited blank">72s</td>
    </tr>
    <tr>
        <td class="fold offsuit blank">A6o</td>
        <td class="fold offsuit blank">K6o</td>
        <td class="fold offsuit blank">Q6o</td>
        <td class="fold offsuit blank">J6o</td>
        <td class="fold offsuit blank">T6o</td>
        <td class="fold offsuit blank">96o</td>
        <td class="fold offsuit blank">86o</td>
        <td class="fold offsuit blank">76o</td>
        <td class="fold pair blank">66</td>
        <td class="fold suited blank">65s</td>
        <td class="fold suited blank">64s</td>
        <td class="fold suited blank">63s</td>
        <td class="fold suited blank">62s</td>
    </tr>
    <tr>
        <td class="fold offsuit blank">A5o</td>
        <td class="fold offsuit blank">K5o</td>
        <td class="fold offsuit blank">Q5o</td>
        <td class="fold offsuit blank">J5o</td>
        <td class="fold offsuit blank">T5o</td>
        <td class="fold offsuit blank">95o</td>
        <td class="fold offsuit blank">85o</td>
        <td class="fold offsuit blank">75o</td>
        <td class="fold offsuit blank">65o</td>
        <td class="fold pair blank">55</td>
        <td class="fold suited blank">54s</td>
        <td class="fold suited blank">53s</td>
        <td class="fold suited blank">52s</td>
    </tr>
    <tr>
        <td class="fold offsuit blank">A4o</td>
        <td class="fold offsuit blank">K4o</td>
        <td class="fold offsuit blank">Q4o</td>
        <td class="fold offsuit blank">J4o</td>
        <td class="fold offsuit blank">T4o</td>
        <td class="fold offsuit blank">94o</td>
        <td class="fold offsuit blank">84o</td>
        <td class="fold offsuit blank">74o</td>
        <td class="fold offsuit blank">64o</td>
        <td class="fold offsuit blank">54o</td>
        <td class="fold pair blank">44</td>
        <td class="fold suited blank">43s</td>
        <td class="fold suited blank">42s</td>
    </tr>
    <tr>
        <td class="fold offsuit blank">A3o</td>
        <td class="fold offsuit blank">K3o</td>
        <td class="fold offsuit blank">Q3o</td>
        <td class="fold offsuit blank">J3o</td>
        <td class="fold offsuit blank">T3o</td>
        <td class="fold offsuit blank">93o</td>
        <td class="fold offsuit blank">83o</td>
        <td class="fold offsuit blank">73o</td>
        <td class="fold offsuit blank">63o</td>
        <td class="fold offsuit blank">53o</td>
        <td class="fold offsuit blank">43o</td>
        <td class="fold pair blank">33</td>
        <td class="fold suited blank">32s</td>
    </tr>
    <tr>
        <td class="fold offsuit blank">A2o</td>
        <td class="fold offsuit blank">K2o</td>
        <td class="fold offsuit blank">Q2o</td>
        <td class="fold offsuit blank">J2o</td>
        <td class="fold offsuit blank">T2o</td>
        <td class="fold offsuit blank">92o</td>
        <td class="fold offsuit blank">82o</td>
        <td class="fold offsuit blank">72o</td>
        <td class="fold offsuit blank">62o</td>
        <td class="fold offsuit blank">52o</td>
        <td class="fold offsuit blank">42o</td>
        <td class="fold offsuit blank">32o</td>
        <td class="fold pair blank">22</td>
    </tr>
</table>
