<style>
    .row {
        display: flex;
    }
    .column {
        flex: 50%;
        font-size: 12px;
    }
    .column_left {
        text-align: left;
    }
    .column_right {
        text-align: right;
    }
    small {
        font-size: 11px;
    }

    .row img {
        max-width: 100%;
    }
    .row img + img {
        margin-left: 5px;
    }
    @media (max-width: 600px) {
        .row img {
            max-width: 100px;
        }
    }

    table.range, table.legend {
        border-collapse: collapse;
        font-size: 0.7em;
        font-family: monospace;
    }
    table.range td, table.legend td {
        border: 1px solid black;
        padding: 1px;
        text-align: center;
        width: 25px;
        height: 25px;
        box-sizing: border-box;
        overflow: hidden;
    }
    table.range:hover td {
        cursor: pointer;
    }
    td {
        background-color: white;
    }
    table.legend th {
        text-align: left;
        padding: 5px;
    }
    table.range td.pair {
        border: 2px solid black;
    }
    table.range td.center {
        font-weight: bold;
        font-size: 1.3em;
    }
    td.fold {
        background-color: #D6D2D2;
    }
    td.call {
        background-color: #4BE488;
    }
    td.raise {
        background-color: #FF6A6A;
    }
    td.marked {
        background: repeating-linear-gradient(
            45deg,
            white,
            white 3px,
            #00000070 3px,
            #00000070 6px
        );
    }
    td.marked.fold {
        background: repeating-linear-gradient(
            45deg,
            #D6D2D2,
            #D6D2D2 3px,
            #00000070 3px,
            #00000070 6px
        );
    }
    td.marked.call {
        background: repeating-linear-gradient(
            45deg,
            #4BE488,
            #4BE488 3px,
            #00000070 3px,
            #00000070 6px
        );
    }
    td.marked.raise {
        background: repeating-linear-gradient(
            45deg,
            #FF6A6A,
            #FF6A6A 3px,
            #00000070 3px,
            #00000070 6px
        );
    }
    td.blank {
        /* Blanking a cell must have priority */
        background-color: white !important;
    }
    td.marked.blank {
        background: repeating-linear-gradient(
            45deg,
            white,
            white 3px,
            #00000070 3px,
            #00000070 6px
        ) !important;
    }
</style>
<style>
</style>
<table class="markable range">
    <tr>
        <td class="raise pair">AA</td>
        <td class="call suited">AKs</td>
        <td class="call suited">AQs</td>
        <td class="call suited">AJs</td>
        <td class="call suited">ATs</td>
        <td class="call suited">A9s</td>
        <td class="call suited">A8s</td>
        <td class="call suited">A7s</td>
        <td class="call suited">A6s</td>
        <td class="call suited">A5s</td>
        <td class="call suited">A4s</td>
        <td class="call suited">A3s</td>
        <td class="fold suited">A2s</td>
    </tr>
    <tr>
        <td class="call offsuit">AKo</td>
        <td class="raise pair">KK</td>
        <td class="call suited">KQs</td>
        <td class="call suited">KJs</td>
        <td class="call suited">KTs</td>
        <td class="call suited">K9s</td>
        <td class="call suited">K8s</td>
        <td class="call suited">K7s</td>
        <td class="call suited">K6s</td>
        <td class="call suited">K5s</td>
        <td class="call suited">K4s</td>
        <td class="call suited">K3s</td>
        <td class="fold suited">K2s</td>
    </tr>
    <tr>
        <td class="call offsuit">AQo</td>
        <td class="call offsuit">KQo</td>
        <td class="raise pair">QQ</td>
        <td class="call suited">QJs</td>
        <td class="call suited">QTs</td>
        <td class="call suited">Q9s</td>
        <td class="call suited">Q8s</td>
        <td class="call suited">Q7s</td>
        <td class="call suited">Q6s</td>
        <td class="call suited">Q5s</td>
        <td class="call suited">Q4s</td>
        <td class="call suited">Q3s</td>
        <td class="fold suited">Q2s</td>
    </tr>
    <tr>
        <td class="call offsuit">AJo</td>
        <td class="call offsuit">KJo</td>
        <td class="call offsuit">QJo</td>
        <td class="raise pair">JJ</td>
        <td class="call suited">JTs</td>
        <td class="call suited">J9s</td>
        <td class="call suited">J8s</td>
        <td class="call suited">J7s</td>
        <td class="call suited">J6s</td>
        <td class="call suited">J5s</td>
        <td class="call suited">J4s</td>
        <td class="call suited">J3s</td>
        <td class="fold suited">J2s</td>
    </tr>
    <tr>
        <td class="call offsuit">ATo</td>
        <td class="call offsuit">KTo</td>
        <td class="call offsuit">QTo</td>
        <td class="call offsuit">JTo</td>
        <td class="raise pair">TT</td>
        <td class="call suited">T9s</td>
        <td class="call suited">T8s</td>
        <td class="call suited">T7s</td>
        <td class="call suited">T6s</td>
        <td class="call suited">T5s</td>
        <td class="call suited">T4s</td>
        <td class="call suited">T3s</td>
        <td class="fold suited">T2s</td>
    </tr>
    <tr>
        <td class="call offsuit">A9o</td>
        <td class="call offsuit">K9o</td>
        <td class="call offsuit">Q9o</td>
        <td class="call offsuit">J9o</td>
        <td class="call offsuit">T9o</td>
        <td class="raise pair">99</td>
        <td class="call suited">98s</td>
        <td class="call suited">97s</td>
        <td class="call suited">96s</td>
        <td class="call suited">95s</td>
        <td class="call suited">94s</td>
        <td class="call suited">93s</td>
        <td class="fold suited">92s</td>
    </tr>
    <tr>
        <td class="call offsuit blank">A8o</td>
        <td class="call offsuit blank">K8o</td>
        <td class="call offsuit blank">Q8o</td>
        <td class="call offsuit blank">J8o</td>
        <td class="call offsuit blank">T8o</td>
        <td class="call offsuit blank">98o</td>
        <td class="raise pair blank center">88</td>
        <td class="call suited">87s</td>
        <td class="call suited">86s</td>
        <td class="call suited">85s</td>
        <td class="call suited">84s</td>
        <td class="call suited">83s</td>
        <td class="fold suited">82s</td>
    </tr>
    <tr>
        <td class="call offsuit blank">A7o</td>
        <td class="call offsuit blank">K7o</td>
        <td class="call offsuit blank">Q7o</td>
        <td class="call offsuit blank">J7o</td>
        <td class="call offsuit blank">T7o</td>
        <td class="call offsuit blank">97o</td>
        <td class="call offsuit blank">87o</td>
        <td class="raise pair">77</td>
        <td class="call suited">76s</td>
        <td class="call suited">75s</td>
        <td class="call suited">74s</td>
        <td class="call suited">73s</td>
        <td class="fold suited">72s</td>
    </tr>
    <tr>
        <td class="call offsuit blank">A6o</td>
        <td class="call offsuit blank">K6o</td>
        <td class="call offsuit blank">Q6o</td>
        <td class="call offsuit blank">J6o</td>
        <td class="call offsuit blank">T6o</td>
        <td class="call offsuit blank">96o</td>
        <td class="call offsuit blank">86o</td>
        <td class="call offsuit">76o</td>
        <td class="fold pair">66</td>
        <td class="fold suited">65s</td>
        <td class="fold suited">64s</td>
        <td class="fold suited">63s</td>
        <td class="fold suited">62s</td>
    </tr>
    <tr>
        <td class="call offsuit blank">A5o</td>
        <td class="call offsuit blank">K5o</td>
        <td class="call offsuit blank">Q5o</td>
        <td class="call offsuit blank">J5o</td>
        <td class="call offsuit blank">T5o</td>
        <td class="call offsuit blank">95o</td>
        <td class="call offsuit blank">85o</td>
        <td class="call offsuit">75o</td>
        <td class="fold offsuit">65o</td>
        <td class="fold pair">55</td>
        <td class="fold suited">54s</td>
        <td class="fold suited">53s</td>
        <td class="fold suited">52s</td>
    </tr>
    <tr>
        <td class="call offsuit blank">A4o</td>
        <td class="call offsuit blank">K4o</td>
        <td class="call offsuit blank">Q4o</td>
        <td class="call offsuit blank">J4o</td>
        <td class="call offsuit blank">T4o</td>
        <td class="call offsuit blank">94o</td>
        <td class="call offsuit blank">84o</td>
        <td class="call offsuit">74o</td>
        <td class="fold offsuit">64o</td>
        <td class="fold offsuit">54o</td>
        <td class="fold pair">44</td>
        <td class="fold suited">43s</td>
        <td class="fold suited">42s</td>
    </tr>
    <tr>
        <td class="call offsuit blank">A3o</td>
        <td class="call offsuit blank">K3o</td>
        <td class="call offsuit blank">Q3o</td>
        <td class="call offsuit blank">J3o</td>
        <td class="call offsuit blank">T3o</td>
        <td class="call offsuit blank">93o</td>
        <td class="call offsuit blank">83o</td>
        <td class="call offsuit">73o</td>
        <td class="fold offsuit">63o</td>
        <td class="fold offsuit">53o</td>
        <td class="fold offsuit">43o</td>
        <td class="fold pair">33</td>
        <td class="fold suited">32s</td>
    </tr>
    <tr>
        <td class="fold offsuit blank">A2o</td>
        <td class="fold offsuit blank">K2o</td>
        <td class="fold offsuit blank">Q2o</td>
        <td class="fold offsuit blank">J2o</td>
        <td class="fold offsuit blank">T2o</td>
        <td class="fold offsuit blank">92o</td>
        <td class="fold offsuit blank">82o</td>
        <td class="fold offsuit">72o</td>
        <td class="fold offsuit">62o</td>
        <td class="fold offsuit">52o</td>
        <td class="fold offsuit">42o</td>
        <td class="fold offsuit">32o</td>
        <td class="fold pair">22</td>
    </tr>
</table>
<script>
    /*
    For all td cells within the table.range we want to do the following
    - When clicking a cell the 'marked' class should be toggled.
    - When clicking and dragging it should also be toggled but only
      depending on the first cell (i.e. either mark or unmark all of them).
    */
    function setupDragging() {
        function handleStart(e) {
            if ((e instanceof MouseEvent && e.button !== 0) || (e.touches && e.touches.length > 1)) {
                return;  // Not the primary button or single touch, ignore the event
            }
            e.preventDefault();
            dragging = true;
            if (!this.classList.contains('marked')) {
                this.classList.add('marked');
                isMarking = true;
            } else {
                this.classList.remove('marked');
                isMarking = false;
            }
        }

        function handleMove(e) {
            if (dragging) {
                let target;
                if (e instanceof MouseEvent) {
                    target = e.target;
                } else if (e instanceof TouchEvent && e.touches.length > 0) {
                    target = document.elementFromPoint(e.touches[0].clientX, e.touches[0].clientY);
                }
                if (target && target.nodeName === 'TD' && target.closest('table.range')) {
                    if (isMarking) {
                        target.classList.add('marked');
                    } else {
                        target.classList.remove('marked');
                    }
                }
            }
        }

        function handleEnd(e) {
            if ((e instanceof MouseEvent && e.button === 0) || e instanceof TouchEvent) {
                dragging = false;
            }
        }

        let dragging = false;
        let isMarking = true;
        document.querySelectorAll('table.range.markable td').forEach(cell => {
            cell.addEventListener('mousedown', handleStart);
            cell.addEventListener('touchstart', handleStart);
            cell.addEventListener('mousemove', handleMove);
            cell.addEventListener('touchmove', handleMove);
        });
        document.addEventListener('mouseup', handleEnd);
        document.addEventListener('touchend', handleEnd);
    }

    if (typeof onUpdateHook !== 'undefined') {
        onUpdateHook.push(setupDragging);
    } else {
        setupDragging();
    }
</script>
