<!DOCTYPE html>
<html xmlns="http://www.w3.org/1999/xhtml" xml:lang="en" lang="en">
<head>
<meta name="viewport" content="width=device-width, initial-scale=1">
<link rel="stylesheet" href="../../../../../../anki_poker_master/resources/default.css">
</head>
<body>
<div class="hand-history">
<h1>NLHE 1 000/2 000 (ante 500)</h1>
<div class="pocket-cards">
<img src="../../../../../../anki_poker_master/resources/images/apm-card-small-7h.png" alt="7h" title="7h">
<img src="../../../../../../anki_poker_master/resources/images/apm-card-small-6h.png" alt="6h" title="6h">
</div>
<p><strong>Hero:</strong> Tom Dwan</p>
<h2>Preflop</h2>
<p>Pot: 4 500</p>
<table class="player-actions ">
<thead>
<tr>
<th scope="col">Player</th>
<th scope="col">Stack</th>
<th scope="col" colspan="2">Actions</th>
</tr></thead>
<tbody>
<tr class="hero">
<td>Tom Dwan <span class="dealerbtn">D</span></td>
<td>553 000</td>
<td><span class="raise-action">R 7 000</span></td><td><span class="call-action">C</span></td></tr>
<tr>
<td>Phil Ivey</td>
<td>1 124 100</td>
<td><span class="raise-action">R 23 000</span></td><td></td></tr>
<tr>
<td>Patrik Antonius</td>
<td>1 997 500</td>
<td><span class="fold-action">F</span></td><td></td></tr>
</tbody>
</table>
<h2>Flop</h2>
<p>Pot: 49 500</p>
<div class="board">
<img src="../../../../../../anki_poker_master/resources/images/apm-card-small-Jc.png" alt="Jc" title="Jc">
<img src="../../../../../../anki_poker_master/resources/images/apm-card-small-3d.png" alt="3d" title="3d">
<img src="../../../../../../anki_poker_master/resources/images/apm-card-small-5c.png" alt="5c" title="5c">
</div>
<table class="player-actions ">
<thead>
<tr>
<th scope="col">Player</th>
<th scope="col">Stack</th>
<th scope="col" colspan="1">Actions</th>
</tr></thead>
<tbody>
<tr>
<td>Phil Ivey</td>
<td>1 102 100</td>
<td><span class="bet-action">B 35 000</span></td></tr>
<tr class="not-playing">
<td>Patrik Antonius</td>
<td>1 997 500</td>
<td></td></tr>
<tr class="hero">
<td>Tom Dwan <span class="dealerbtn">D</span></td>
<td>530 000</td>
<td><span class="call-action">C</span></td></tr>
</tbody>
</table>
<h2>Turn</h2>
<p>Pot: 119 500</p>
<div class="board">
<img src="../../../../../../anki_poker_master/resources/images/apm-card-small-Jc.png" alt="Jc" title="Jc">
<img src="../../../../../../anki_poker_master/resources/images/apm-card-small-3d.png" alt="3d" title="3d">
<img src="../../../../../../anki_poker_master/resources/images/apm-card-small-5c.png" alt="5c" title="5c">
<img src="../../../../../../anki_poker_master/resources/images/apm-card-small-4h.png" alt="4h" title="4h">
</div>
<table class="player-actions ">
<thead>
<tr>
<th scope="col">Player</th>
<th scope="col">Stack</th>
<th scope="col" colspan="2">Actions</th>
</tr></thead>
<tbody>
<tr>
<td>Phil Ivey</td>
<td>1 067 100</td>
<td><span class="bet-action">B 90 000</span></td><td><span class="raise-action all-in-action">R 1 067 100 (AI)</span></td></tr>
<tr class="not-playing">
<td>Patrik Antonius</td>
<td>1 997 500</td>
<td></td><td></td></tr>
<tr class="hero">
<td>Tom Dwan <span class="dealerbtn">D</span></td>
<td>495 000</td>
<td><span class="raise-action">R 232 600</span></td><td><span class="question-action">?</span></td></tr>
</tbody>
</table>
<p>
<strong>What do you do?</strong>
</p>
</div>
</body>
</html>
