<style>
    .row {
        display: flex;
    }

    .column {
        flex: 50%;
        font-size: 12px;
    }

    .column_left {
        text-align: left;
    }

    .column_right {
        text-align: right;
    }

    small {
        font-size: 11px;
    }

    .row img {
        max-width: 100%;
    }

    .row img + img {
        margin-left: 5px;
    }

    @media (max-width: 600px) {
        .row img {
            max-width: 150px;
        }
    }

    table.range,
    table.legend {
        border-collapse: collapse;
        font-size: 0.7em;
        font-family: monospace;
    }

    .nightMode,
    .nightMode table.range,
    .nightMode table.legend {
        color: #E5FFFF;
    }

    .nightMode a {
        color: #09F5F5;
    }

    table.range td,
    table.legend td {
        border: 1px solid black;
        padding: 1px;
        text-align: center;
        width: 25px;
        height: 25px;
        box-sizing: border-box;
        overflow: hidden;
        background-color: white;
    }

    .nightMode table.range td,
    .nightMode table.legend td {
        border: 1px solid #E5FFFF;
    }

    table.range:hover td {
        cursor: pointer;
    }

    table.legend th {
        text-align: left;
        padding: 5px;
    }

    table.range td.pair {
        border: 2px solid black;
    }

    .nightMode table.range td.pair {
        border: 2px solid #E5FFFF;
    }

    table.range td.center {
        font-weight: bold;
        font-size: 1.3em;
    }

    table.range td.fold,
    table.legend td.fold {
        background-color: #D6D2D2;
    }

    .nightMode table.range td.fold,
    .nightMode table.legend td.fold {
        background-color: #485153;
    }

    table.range td.call,
    table.legend td.call {
        background-color: #4be488;
    }

    .nightMode table.range td.call,
    .nightMode table.legend td.call {
        background-color: #009594;
    }

    table.range td.raise,
    table.legend td.raise {
        background-color: #FF6A6A;
    }

    .nightMode table.range td.raise,
    .nightMode table.legend td.raise {
        background-color: #8F0707;
    }

    table.range td.marked {
        background: repeating-linear-gradient(45deg,
        white,
        white 3px,
        #00000070 3px,
        #00000070 6px);
    }

    .nightMode table.range td.marked {
        background: repeating-linear-gradient(45deg,
        black,
        black 3px,
        #00000070 3px,
        #00000070 6px) !important;
    }

    table.range td.marked.fold {
        background: repeating-linear-gradient(45deg,
        #D6D2D2,
        #D6D2D2 3px,
        #00000070 3px,
        #00000070 6px);
    }

    .nightMode table.range td.marked.fold {
        background: repeating-linear-gradient(45deg,
        #485153,
        #485153 3px,
        #00000070 3px,
        #00000070 6px);
    }

    table.range td.marked.call {
        background: repeating-linear-gradient(45deg,
        #4BE488,
        #4BE488 3px,
        #00000070 3px,
        #00000070 6px);
    }

    .nightMode table.range td.marked.call {
        background: repeating-linear-gradient(45deg,
        #009594,
        #009594 3px,
        #00000070 3px,
        #00000070 6px);
    }

    table.range td.marked.raise {
        background: repeating-linear-gradient(45deg,
        #FF6A6A,
        #FF6A6A 3px,
        #00000070 3px,
        #00000070 6px);
    }

    .nightMode table.range td.marked.raise {
        background: repeating-linear-gradient(45deg,
        #8F0707,
        #8F0707 3px,
        #00000070 3px,
        #00000070 6px);
    }

    table.range td.blank {
        /* Blanking a cell must have priority */
        background-color: white !important;
    }

    table.range td.marked.blank {
        background: repeating-linear-gradient(45deg,
        white,
        white 3px,
        #00000070 3px,
        #00000070 6px) !important;
    }

    .nightMode table.range td.blank {
        background-color: black !important;
    }

    .nightMode table.range td.marked.blank {
        background: repeating-linear-gradient(45deg,
        black,
        black 3px,
        #CCCCCCA0 3px,
        #CCCCCCA0 6px) !important;
    }


    /* Hand history CSS */

    table.player-actions {
        margin-top: 10px;
        width: 100%;
        table-layout: fixed;
    }

    table.player-actions td {
        padding: 5px;
    }

    table.player-actions thead tr th {
        background: white;
        color: black;
        text-align: left;
    }

    table.player-actions thead tr th:first-child {
        width: 20%;
    }

    table.player-actions thead tr th:nth-child(2) {
        width: 20%;
    }

    .nightMode table.player-actions thead tr th {
        background: #333;
        color: white;
    }

    table.player-actions thead tr:hover {
        background: white;
    }

    table.player-actions tr:nth-child(odd) {
        background: #f9f9f9;
    }

    .nightMode table.player-actions tr:nth-child(odd) {
        background: #444;
    }

    table.player-actions tr:nth-child(even) {
        background: #f0f0f0;
    }

    .nightMode table.player-actions tr:nth-child(even) {
        background: #333;
    }

    table.player-actions tr:hover {
        background: #e0e0e0;
    }

    .nightMode table.player-actions tr:hover {
        background: #555;
    }

    table.player-actions tr.hero {
        background: #fcecc1;
    }

    .nightMode table.player-actions tr.hero {
        background: #5c4a26;
    }

    table.player-actions tr.hero:hover {
        background: #f7e087;
    }

    .nightMode table.player-actions tr.hero:hover {
        background: #6d531f;
    }

    table.player-actions .dealerbtn {
        background: green;
        border-radius: 50%;
        width: 20px;
        height: 20px;
        display: inline-block;
        text-align: center;
        margin-left: 5px;
        font-size: 12px;
        color: white;
        /* align the text vertically */
        line-height: 20px;
        /* add a shadown */
        box-shadow: 0 0 5px rgba(0, 0, 0, 0.5);
    }

    table.player-actions tr.not-playing {
        font-size: 7px;
        color: gray;
    }

    .nightMode table.player-actions tr.not-playing {
        color: #c2c0c0;
    }

    table.player-actions tr.not-playing .dealerbtn {
        font-size: 7px;
        line-height: 10px;
        width: 10px;
        height: 10px;
    }

    table.player-actions td .fold-action {
        color: red;
        font-weight: bold;
        font-size: 1.2em;
        font-family: mono;
    }

    .nightMode table.player-actions td .fold-action {
        color: #df3838;
    }

    table.player-actions td .raise-action, table.player-actions td .bet-action {
        color: #07a007;
        font-weight: bold;
        font-size: 1.2em;
        font-family: mono;
    }

    .nightMode table.player-actions td .raise-action,
    .nightMode table.player-actions td .bet-action {
        color: #199d19;
    }

    table.player-actions td .raise-action.all-in-action, table.player-actions td .bet-action.all-in-action {
        color: #038403;
    }

    .nightMode table.player-actions td .raise-action.all-in-action,
    .nightMode table.player-actions td .bet-action.all-in-action {
        color: #3cb33c;
    }

    table.player-actions td .check-action, table.player-actions td .call-action {
        color: blue;
        font-weight: bold;
        font-size: 1.2em;
        font-family: mono;
    }

    .nightMode table.player-actions td .check-action,
    .nightMode table.player-actions td .call-action {
        color: #4e4eec;
    }

    table.player-actions td .call-action.all-in-action {
        color: darkblue;
    }

    .nightMode table.player-actions td .call-action.all-in-action {
        color: #6969ee;
    }

    table.player-actions td .question-action {
        color: black;
        font-weight: bold;
        font-size: 1.2em;
        font-family: mono;
    }

    .nightMode table.player-actions td .question-action {
        color: #E5FFFF;
    }
</style>
<style>
</style>
<table class='legend'>
    <tr>
        <th class='row'>Call</th>
        <td class='call'>&nbsp;</td>
    </tr>
    <tr>
        <th class='row'>Fold</th>
        <td class='fold'>&nbsp;</td>
    </tr>
    <tr>
        <th class='row'>Raise</th>
        <td class='raise'>&nbsp;</td>
    </tr>
</table>
<script>
    /*
    For all td cells within the table.range we want to do the following
    - When clicking a cell the 'marked' class should be toggled.
    - When clicking and dragging it should also be toggled but only
      depending on the first cell (i.e. either mark or unmark all of them).
    */
    function setupDragging() {
        function handleStart(e) {
            if ((e instanceof MouseEvent && e.button !== 0) || (e.touches && e.touches.length > 1)) {
                return;  // Not the primary button or single touch, ignore the event
            }
            e.preventDefault();
            dragging = true;
            if (!this.classList.contains('marked')) {
                this.classList.add('marked');
                isMarking = true;
            } else {
                this.classList.remove('marked');
                isMarking = false;
            }
        }

        function handleMove(e) {
            if (dragging) {
                let target;
                if (e instanceof MouseEvent) {
                    target = e.target;
                } else if (e instanceof TouchEvent && e.touches.length > 0) {
                    target = document.elementFromPoint(e.touches[0].clientX, e.touches[0].clientY);
                }
                if (target && target.nodeName === 'TD' && target.closest('table.range')) {
                    if (isMarking) {
                        target.classList.add('marked');
                    } else {
                        target.classList.remove('marked');
                    }
                }
            }
        }

        function handleEnd(e) {
            if ((e instanceof MouseEvent && e.button === 0) || e instanceof TouchEvent) {
                dragging = false;
            }
        }

        let dragging = false;
        let isMarking = true;
        document.querySelectorAll('table.range.markable td').forEach(cell => {
            cell.addEventListener('mousedown', handleStart);
            cell.addEventListener('touchstart', handleStart);
            cell.addEventListener('mousemove', handleMove);
            cell.addEventListener('touchmove', handleMove);
        });
        document.addEventListener('mouseup', handleEnd);
        document.addEventListener('touchend', handleEnd);
    }

    if (typeof onUpdateHook !== 'undefined') {
        onUpdateHook.push(setupDragging);
    } else {
        setupDragging();
    }
</script>
