<style>
    .row {
        display: flex;
    }

    .column {
        flex: 50%;
        font-size: 12px;
    }

    .column_left {
        text-align: left;
    }

    .column_right {
        text-align: right;
    }

    small {
        font-size: 11px;
    }

    .row img {
        max-width: 100%;
    }

    .row img+img {
        margin-left: 5px;
    }

    @media (max-width: 600px) {
        .row img {
            max-width: 150px;
        }
    }

    table.range,
    table.legend {
        border-collapse: collapse;
        font-size: 0.7em;
        font-family: monospace;
    }

    .nightMode,
    .nightMode table.range,
    .nightMode table.legend {
        color: #E5FFFF;
    }

    .nightMode a {
        color: #09F5F5;
    }

    table.range td,
    table.legend td {
        border: 1px solid black;
        padding: 1px;
        text-align: center;
        width: 25px;
        height: 25px;
        box-sizing: border-box;
        overflow: hidden;
    }

    .nightMode table.range td,
    .nightMode table.legend td {
        border: 1px solid #E5FFFF;
    }

    table.range:hover td {
        cursor: pointer;
    }

    td {
        background-color: white;
    }

    table.legend th {
        text-align: left;
        padding: 5px;
    }

    table.range td.pair {
        border: 2px solid black;
    }

    .nightMode table.range td.pair {
        border: 2px solid #E5FFFF;
    }

    table.range td.center {
        font-weight: bold;
        font-size: 1.3em;
    }

    td.fold {
        background-color: #D6D2D2;
    }

    .nightMode td.fold {
        background-color: #485153;
    }

    td.call {
        background-color: #4be488;
    }

    .nightMode td.call {
        background-color: #009594;
    }

    td.raise {
        background-color: #FF6A6A;
    }

    .nightMode td.raise {
        background-color: #8F0707;
    }

    td.marked {
        background: repeating-linear-gradient(45deg,
                white,
                white 3px,
                #00000070 3px,
                #00000070 6px);
    }

    .nightMode td.markded {
        background: repeating-linear-gradient(45deg,
                black,
                black 3px,
                #00000070 3px,
                #00000070 6px) !important;
    }

    td.marked.fold {
        background: repeating-linear-gradient(45deg,
                #D6D2D2,
                #D6D2D2 3px,
                #00000070 3px,
                #00000070 6px);
    }

    .nightMode td.marked.fold {
        background: repeating-linear-gradient(45deg,
                #485153,
                #485153 3px,
                #00000070 3px,
                #00000070 6px);
    }

    td.marked.call {
        background: repeating-linear-gradient(45deg,
                #4BE488,
                #4BE488 3px,
                #00000070 3px,
                #00000070 6px);
    }

    .nightMode td.marked.call {
        background: repeating-linear-gradient(45deg,
                #009594,
                #009594 3px,
                #00000070 3px,
                #00000070 6px);
    }

    td.marked.raise {
        background: repeating-linear-gradient(45deg,
                #FF6A6A,
                #FF6A6A 3px,
                #00000070 3px,
                #00000070 6px);
    }

    .nightMode td.marked.raise {
        background: repeating-linear-gradient(45deg,
                #8F0707,
                #8F0707 3px,
                #00000070 3px,
                #00000070 6px);
    }

    td.blank {
        /* Blanking a cell must have priority */
        background-color: white !important;
    }

    td.marked.blank {
        background: repeating-linear-gradient(45deg,
                white,
                white 3px,
                #00000070 3px,
                #00000070 6px) !important;
    }

    .nightMode td.blank {
        background-color: black !important;
    }

    .nightMode td.marked.blank {
        background: repeating-linear-gradient(45deg,
                black,
                black 3px,
                #CCCCCCA0 3px,
                #CCCCCCA0 6px) !important;
    }
</style>
<style>
</style>
<table class="markable range">
    <tr>
        <td class="raise pair">AA</td>
        <td class="call suited">AKs</td>
        <td class="call suited">AQs</td>
        <td class="call suited">AJs</td>
        <td class="call suited">ATs</td>
        <td class="call suited">A9s</td>
        <td class="call suited blank">A8s</td>
        <td class="call suited blank">A7s</td>
        <td class="call suited blank">A6s</td>
        <td class="call suited blank">A5s</td>
        <td class="call suited blank">A4s</td>
        <td class="call suited blank">A3s</td>
        <td class="fold suited blank">A2s</td>
    </tr>
    <tr>
        <td class="call offsuit">AKo</td>
        <td class="raise pair">KK</td>
        <td class="call suited">KQs</td>
        <td class="call suited">KJs</td>
        <td class="call suited">KTs</td>
        <td class="call suited">K9s</td>
        <td class="call suited blank">K8s</td>
        <td class="call suited blank">K7s</td>
        <td class="call suited blank">K6s</td>
        <td class="call suited blank">K5s</td>
        <td class="call suited blank">K4s</td>
        <td class="call suited blank">K3s</td>
        <td class="fold suited blank">K2s</td>
    </tr>
    <tr>
        <td class="call offsuit">AQo</td>
        <td class="call offsuit">KQo</td>
        <td class="raise pair">QQ</td>
        <td class="call suited">QJs</td>
        <td class="call suited">QTs</td>
        <td class="call suited">Q9s</td>
        <td class="call suited blank">Q8s</td>
        <td class="call suited blank">Q7s</td>
        <td class="call suited blank">Q6s</td>
        <td class="call suited blank">Q5s</td>
        <td class="call suited blank">Q4s</td>
        <td class="call suited blank">Q3s</td>
        <td class="fold suited blank">Q2s</td>
    </tr>
    <tr>
        <td class="call offsuit">AJo</td>
        <td class="call offsuit">KJo</td>
        <td class="call offsuit">QJo</td>
        <td class="raise pair">JJ</td>
        <td class="call suited">JTs</td>
        <td class="call suited">J9s</td>
        <td class="call suited blank">J8s</td>
        <td class="call suited blank">J7s</td>
        <td class="call suited blank">J6s</td>
        <td class="call suited blank">J5s</td>
        <td class="call suited blank">J4s</td>
        <td class="call suited blank">J3s</td>
        <td class="fold suited blank">J2s</td>
    </tr>
    <tr>
        <td class="call offsuit">ATo</td>
        <td class="call offsuit">KTo</td>
        <td class="call offsuit">QTo</td>
        <td class="call offsuit">JTo</td>
        <td class="raise pair">TT</td>
        <td class="call suited">T9s</td>
        <td class="call suited blank">T8s</td>
        <td class="call suited blank">T7s</td>
        <td class="call suited blank">T6s</td>
        <td class="call suited blank">T5s</td>
        <td class="call suited blank">T4s</td>
        <td class="call suited blank">T3s</td>
        <td class="fold suited blank">T2s</td>
    </tr>
    <tr>
        <td class="call offsuit">A9o</td>
        <td class="call offsuit">K9o</td>
        <td class="call offsuit">Q9o</td>
        <td class="call offsuit">J9o</td>
        <td class="call offsuit">T9o</td>
        <td class="raise pair">99</td>
        <td class="call suited blank">98s</td>
        <td class="call suited blank">97s</td>
        <td class="call suited blank">96s</td>
        <td class="call suited blank">95s</td>
        <td class="call suited blank">94s</td>
        <td class="call suited blank">93s</td>
        <td class="fold suited blank">92s</td>
    </tr>
    <tr>
        <td class="call offsuit">A8o</td>
        <td class="call offsuit">K8o</td>
        <td class="call offsuit">Q8o</td>
        <td class="call offsuit">J8o</td>
        <td class="call offsuit">T8o</td>
        <td class="call offsuit">98o</td>
        <td class="raise pair blank center">88</td>
        <td class="call suited blank">87s</td>
        <td class="call suited blank">86s</td>
        <td class="call suited blank">85s</td>
        <td class="call suited blank">84s</td>
        <td class="call suited blank">83s</td>
        <td class="fold suited blank">82s</td>
    </tr>
    <tr>
        <td class="call offsuit">A7o</td>
        <td class="call offsuit">K7o</td>
        <td class="call offsuit">Q7o</td>
        <td class="call offsuit">J7o</td>
        <td class="call offsuit">T7o</td>
        <td class="call offsuit">97o</td>
        <td class="call offsuit">87o</td>
        <td class="raise pair">77</td>
        <td class="call suited">76s</td>
        <td class="call suited">75s</td>
        <td class="call suited">74s</td>
        <td class="call suited">73s</td>
        <td class="fold suited">72s</td>
    </tr>
    <tr>
        <td class="call offsuit">A6o</td>
        <td class="call offsuit">K6o</td>
        <td class="call offsuit">Q6o</td>
        <td class="call offsuit">J6o</td>
        <td class="call offsuit">T6o</td>
        <td class="call offsuit">96o</td>
        <td class="call offsuit">86o</td>
        <td class="call offsuit">76o</td>
        <td class="fold pair">66</td>
        <td class="fold suited">65s</td>
        <td class="fold suited">64s</td>
        <td class="fold suited">63s</td>
        <td class="fold suited">62s</td>
    </tr>
    <tr>
        <td class="call offsuit">A5o</td>
        <td class="call offsuit">K5o</td>
        <td class="call offsuit">Q5o</td>
        <td class="call offsuit">J5o</td>
        <td class="call offsuit">T5o</td>
        <td class="call offsuit">95o</td>
        <td class="call offsuit">85o</td>
        <td class="call offsuit">75o</td>
        <td class="fold offsuit">65o</td>
        <td class="fold pair">55</td>
        <td class="fold suited">54s</td>
        <td class="fold suited">53s</td>
        <td class="fold suited">52s</td>
    </tr>
    <tr>
        <td class="call offsuit">A4o</td>
        <td class="call offsuit">K4o</td>
        <td class="call offsuit">Q4o</td>
        <td class="call offsuit">J4o</td>
        <td class="call offsuit">T4o</td>
        <td class="call offsuit">94o</td>
        <td class="call offsuit">84o</td>
        <td class="call offsuit">74o</td>
        <td class="fold offsuit">64o</td>
        <td class="fold offsuit">54o</td>
        <td class="fold pair">44</td>
        <td class="fold suited">43s</td>
        <td class="fold suited">42s</td>
    </tr>
    <tr>
        <td class="call offsuit">A3o</td>
        <td class="call offsuit">K3o</td>
        <td class="call offsuit">Q3o</td>
        <td class="call offsuit">J3o</td>
        <td class="call offsuit">T3o</td>
        <td class="call offsuit">93o</td>
        <td class="call offsuit">83o</td>
        <td class="call offsuit">73o</td>
        <td class="fold offsuit">63o</td>
        <td class="fold offsuit">53o</td>
        <td class="fold offsuit">43o</td>
        <td class="fold pair">33</td>
        <td class="fold suited">32s</td>
    </tr>
    <tr>
        <td class="fold offsuit">A2o</td>
        <td class="fold offsuit">K2o</td>
        <td class="fold offsuit">Q2o</td>
        <td class="fold offsuit">J2o</td>
        <td class="fold offsuit">T2o</td>
        <td class="fold offsuit">92o</td>
        <td class="fold offsuit">82o</td>
        <td class="fold offsuit">72o</td>
        <td class="fold offsuit">62o</td>
        <td class="fold offsuit">52o</td>
        <td class="fold offsuit">42o</td>
        <td class="fold offsuit">32o</td>
        <td class="fold pair">22</td>
    </tr>
</table>
<script>
    /*
    For all td cells within the table.range we want to do the following
    - When clicking a cell the 'marked' class should be toggled.
    - When clicking and dragging it should also be toggled but only
      depending on the first cell (i.e. either mark or unmark all of them).
    */
    function setupDragging() {
        function handleStart(e) {
            if ((e instanceof MouseEvent && e.button !== 0) || (e.touches && e.touches.length > 1)) {
                return;  // Not the primary button or single touch, ignore the event
            }
            e.preventDefault();
            dragging = true;
            if (!this.classList.contains('marked')) {
                this.classList.add('marked');
                isMarking = true;
            } else {
                this.classList.remove('marked');
                isMarking = false;
            }
        }

        function handleMove(e) {
            if (dragging) {
                let target;
                if (e instanceof MouseEvent) {
                    target = e.target;
                } else if (e instanceof TouchEvent && e.touches.length > 0) {
                    target = document.elementFromPoint(e.touches[0].clientX, e.touches[0].clientY);
                }
                if (target && target.nodeName === 'TD' && target.closest('table.range')) {
                    if (isMarking) {
                        target.classList.add('marked');
                    } else {
                        target.classList.remove('marked');
                    }
                }
            }
        }

        function handleEnd(e) {
            if ((e instanceof MouseEvent && e.button === 0) || e instanceof TouchEvent) {
                dragging = false;
            }
        }

        let dragging = false;
        let isMarking = true;
        document.querySelectorAll('table.range.markable td').forEach(cell => {
            cell.addEventListener('mousedown', handleStart);
            cell.addEventListener('touchstart', handleStart);
            cell.addEventListener('mousemove', handleMove);
            cell.addEventListener('touchmove', handleMove);
        });
        document.addEventListener('mouseup', handleEnd);
        document.addEventListener('touchend', handleEnd);
    }

    if (typeof onUpdateHook !== 'undefined') {
        onUpdateHook.push(setupDragging);
    } else {
        setupDragging();
    }
</script>
