<!DOCTYPE html>
<html xmlns="http://www.w3.org/1999/xhtml" xml:lang="en" lang="en">
<head>
<meta name="viewport" content="width=device-width, initial-scale=1">
<link rel="stylesheet" href="../../../../../../anki_poker_master/resources/default.css">
</head>
<body>
<div class="hand-history">
<h1>NLHE 1/2</h1>
<div class="pocket-cards">
<img src="../../../../../../anki_poker_master/resources/images/apm-card-small-Qd.png" alt="Qd" title="Qd">
<img src="../../../../../../anki_poker_master/resources/images/apm-card-small-Ts.png" alt="Ts" title="Ts">
</div>
<p><strong>Hero:</strong> G</p>
<h2>Preflop</h2>
<p>Pot: 3</p>
<table class="player-actions">
<thead>
<tr>
<th scope="col">Player</th>
<th scope="col">Stack</th>
<th scope="col" colspan="7">Actions</th>
</tr></thead>
<tbody>
<tr>
<td>A</td>
<td>20 000</td>
<td><span class="fold-action">F</span></td><td></td><td></td><td></td><td></td><td></td><td></td></tr>
<tr>
<td>B</td>
<td>20 000</td>
<td><span class="call-action">C</span></td><td><span class="raise-action">R 8</span></td><td><span class="raise-action">R 32</span></td><td><span class="raise-action">R 128</span></td><td><span class="raise-action">R 512</span></td><td><span class="raise-action">R 2 048</span></td><td><span class="call-action">C</span></td></tr>
<tr>
<td>C</td>
<td>20 000</td>
<td><span class="fold-action">F</span></td><td></td><td></td><td></td><td></td><td></td><td></td></tr>
<tr>
<td>D</td>
<td>20 000</td>
<td><span class="call-action">C</span></td><td><span class="call-action">C</span></td><td><span class="call-action">C</span></td><td><span class="call-action">C</span></td><td><span class="call-action">C</span></td><td><span class="call-action">C</span></td><td><span class="call-action">C</span></td></tr>
<tr>
<td>E</td>
<td>20 000</td>
<td><span class="fold-action">F</span></td><td></td><td></td><td></td><td></td><td></td><td></td></tr>
<tr>
<td>F</td>
<td>20 000</td>
<td><span class="call-action">C</span></td><td><span class="call-action">C</span></td><td><span class="call-action">C</span></td><td><span class="call-action">C</span></td><td><span class="call-action">C</span></td><td><span class="call-action">C</span></td><td><span class="call-action">C</span></td></tr>
<tr class="hero">
<td>G</td>
<td>20 000</td>
<td><span class="raise-action">R 4</span></td><td><span class="raise-action">R 16</span></td><td><span class="raise-action">R 64</span></td><td><span class="raise-action">R 256</span></td><td><span class="raise-action">R 1 024</span></td><td><span class="raise-action">R 4 096</span></td><td></td></tr>
<tr>
<td>H <span class="dealerbtn">D</span></td>
<td>20 000</td>
<td><span class="fold-action">F</span></td><td></td><td></td><td></td><td></td><td></td><td></td></tr>
<tr>
<td>SB</td>
<td>19 999</td>
<td><span class="call-action">C</span></td><td><span class="call-action">C</span></td><td><span class="call-action">C</span></td><td><span class="call-action">C</span></td><td><span class="call-action">C</span></td><td><span class="call-action">C</span></td><td></td></tr>
<tr>
<td>BB</td>
<td>19 998</td>
<td><span class="fold-action">F</span></td><td></td><td></td><td></td><td></td><td></td><td></td></tr>
</tbody>
</table>
<h2>Flop</h2>
<p>Pot: 20 482</p>
<div class="board">
<img src="../../../../../../anki_poker_master/resources/images/apm-card-small-Kh.png" alt="Kh" title="Kh">
<img src="../../../../../../anki_poker_master/resources/images/apm-card-small-Jd.png" alt="Jd" title="Jd">
<img src="../../../../../../anki_poker_master/resources/images/apm-card-small-4s.png" alt="4s" title="4s">
</div>
<table class="player-actions">
<thead>
<tr>
<th scope="col">Player</th>
<th scope="col">Stack</th>
<th scope="col" colspan="7">Actions</th>
</tr></thead>
<tbody>
<tr>
<td>SB</td>
<td>15 904</td>
<td><span class="bet-action">B 2</span></td><td><span class="raise-action">R 8</span></td><td><span class="raise-action">R 32</span></td><td><span class="raise-action">R 128</span></td><td><span class="raise-action">R 512</span></td><td><span class="raise-action">R 2 048</span></td><td><span class="call-action">C</span></td></tr>
<tr class="not-playing">
<td>BB</td>
<td>19 998</td>
<td></td><td></td><td></td><td></td><td></td><td></td><td></td></tr>
<tr class="not-playing">
<td>A</td>
<td>20 000</td>
<td></td><td></td><td></td><td></td><td></td><td></td><td></td></tr>
<tr>
<td>B</td>
<td>15 904</td>
<td><span class="fold-action">F</span></td><td></td><td></td><td></td><td></td><td></td><td></td></tr>
<tr class="not-playing">
<td>C</td>
<td>20 000</td>
<td></td><td></td><td></td><td></td><td></td><td></td><td></td></tr>
<tr>
<td>D</td>
<td>15 904</td>
<td><span class="fold-action">F</span></td><td></td><td></td><td></td><td></td><td></td><td></td></tr>
<tr class="not-playing">
<td>E</td>
<td>20 000</td>
<td></td><td></td><td></td><td></td><td></td><td></td><td></td></tr>
<tr>
<td>F</td>
<td>15 904</td>
<td><span class="fold-action">F</span></td><td></td><td></td><td></td><td></td><td></td><td></td></tr>
<tr class="hero">
<td>G</td>
<td>15 904</td>
<td><span class="raise-action">R 4</span></td><td><span class="raise-action">R 16</span></td><td><span class="raise-action">R 64</span></td><td><span class="raise-action">R 256</span></td><td><span class="raise-action">R 1 024</span></td><td><span class="raise-action">R 4 096</span></td><td></td></tr>
<tr class="not-playing">
<td>H <span class="dealerbtn">D</span></td>
<td>20 000</td>
<td></td><td></td><td></td><td></td><td></td><td></td><td></td></tr>
</tbody>
</table>
<h2>Turn</h2>
<p>Pot: 28 674</p>
<div class="board">
<img src="../../../../../../anki_poker_master/resources/images/apm-card-small-Kh.png" alt="Kh" title="Kh">
<img src="../../../../../../anki_poker_master/resources/images/apm-card-small-Jd.png" alt="Jd" title="Jd">
<img src="../../../../../../anki_poker_master/resources/images/apm-card-small-4s.png" alt="4s" title="4s">
<img src="../../../../../../anki_poker_master/resources/images/apm-card-small-Kc.png" alt="Kc" title="Kc">
</div>
<table class="player-actions">
<thead>
<tr>
<th scope="col">Player</th>
<th scope="col">Stack</th>
<th scope="col" colspan="1">Actions</th>
</tr></thead>
<tbody>
<tr>
<td>SB</td>
<td>11 808</td>
<td><span class="bet-action">B 2</span></td></tr>
<tr class="not-playing">
<td>BB</td>
<td>19 998</td>
<td></td></tr>
<tr class="not-playing">
<td>A</td>
<td>20 000</td>
<td></td></tr>
<tr class="not-playing">
<td>B</td>
<td>15 904</td>
<td></td></tr>
<tr class="not-playing">
<td>C</td>
<td>20 000</td>
<td></td></tr>
<tr class="not-playing">
<td>D</td>
<td>15 904</td>
<td></td></tr>
<tr class="not-playing">
<td>E</td>
<td>20 000</td>
<td></td></tr>
<tr class="not-playing">
<td>F</td>
<td>15 904</td>
<td></td></tr>
<tr class="hero">
<td>G</td>
<td>11 808</td>
<td><span class="question-action">?</span></td></tr>
<tr class="not-playing">
<td>H <span class="dealerbtn">D</span></td>
<td>20 000</td>
<td></td></tr>
</tbody>
</table>
<p>
<strong>What do you do?</strong>
</p>
</div>
</body>
</html>
