<!DOCTYPE html>
        <html xmlns="http://www.w3.org/1999/xhtml" xml:lang="en" lang="en">
        <head>
        <meta name="viewport" content="width=device-width, initial-scale=1">
        <link rel="stylesheet" href="../../../../../../anki_poker_master/resources/default.css">
        </head>
        <body>
        <div class="hand-history">
<h1>NLHE 0.1/0.25</h1>
<p>Weak game (online). Table mostly loose with a few weak-tight
    players mixed in. Players A and D are loose and very aggressive. Your
    notes say they both have a history of limping and calling raises.</p>
<div class="pocket-cards">
<img src="../../../../../../anki_poker_master/resources/images/apm-card-small-Ad.png" alt="Ad" title="Ad">
<img src="../../../../../../anki_poker_master/resources/images/apm-card-small-Kc.png" alt="Kc" title="Kc">
</div>
<p><strong>Hero:</strong> G</p>
<h2>Preflop</h2>
<p>Pot: 0.35</p>
<table class="player-actions">
<thead>
<tr>
<th scope="col">Player</th>
<th scope="col">Stack</th>
<th scope="col" colspan="2">Actions</th>
</tr></thead>
<tbody>
<tr>
<td>A</td>
<td>50</td>
<td><span class="call-action">C</span></td><td><span class="call-action">C</span></td></tr>
<tr>
<td>B</td>
<td>25</td>
<td><span class="fold-action">F</span></td><td></td></tr>
<tr>
<td>C</td>
<td>25</td>
<td><span class="fold-action">F</span></td><td></td></tr>
<tr>
<td>D</td>
<td>20</td>
<td><span class="call-action">C</span></td><td><span class="call-action">C</span></td></tr>
<tr>
<td>E</td>
<td>25</td>
<td><span class="fold-action">F</span></td><td></td></tr>
<tr>
<td>F</td>
<td>25</td>
<td><span class="fold-action">F</span></td><td></td></tr>
<tr class="hero">
<td>G <span class="dealerbtn">D</span></td>
<td>22</td>
<td><span class="raise-action">R 0.6</span></td><td></td></tr>
<tr>
<td>SB</td>
<td>24.9</td>
<td><span class="fold-action">F</span></td><td></td></tr>
<tr>
<td>BB</td>
<td>24.75</td>
<td><span class="fold-action">F</span></td><td></td></tr>
</tbody>
</table>
<h2>Flop</h2>
<p>Pot: 2.15</p>
<div class="board">
<img src="../../../../../../anki_poker_master/resources/images/apm-card-small-Kd.png" alt="Kd" title="Kd">
<img src="../../../../../../anki_poker_master/resources/images/apm-card-small-8c.png" alt="8c" title="8c">
<img src="../../../../../../anki_poker_master/resources/images/apm-card-small-4s.png" alt="4s" title="4s">
</div>
<table class="player-actions">
<thead>
<tr>
<th scope="col">Player</th>
<th scope="col">Stack</th>
<th scope="col" colspan="2">Actions</th>
</tr></thead>
<tbody>
<tr class="not-playing">
<td>SB</td>
<td>24.9</td>
<td></td><td></td></tr>
<tr class="not-playing">
<td>BB</td>
<td>24.75</td>
<td></td><td></td></tr>
<tr>
<td>A</td>
<td>49.4</td>
<td><span class="check-action">X</span></td><td><span class="raise-action">R 4</span></td></tr>
<tr class="not-playing">
<td>B</td>
<td>25</td>
<td></td><td></td></tr>
<tr class="not-playing">
<td>C</td>
<td>25</td>
<td></td><td></td></tr>
<tr>
<td>D</td>
<td>19.4</td>
<td><span class="check-action">X</span></td><td><span class="fold-action">F</span></td></tr>
<tr class="not-playing">
<td>E</td>
<td>25</td>
<td></td><td></td></tr>
<tr class="not-playing">
<td>F</td>
<td>25</td>
<td></td><td></td></tr>
<tr class="hero">
<td>G <span class="dealerbtn">D</span></td>
<td>21.4</td>
<td><span class="bet-action">B 1.2</span></td><td><span class="call-action">C</span></td></tr>
</tbody>
</table>
<h2>Turn</h2>
<p>Pot: 10.15</p>
<div class="board">
<img src="../../../../../../anki_poker_master/resources/images/apm-card-small-Kd.png" alt="Kd" title="Kd">
<img src="../../../../../../anki_poker_master/resources/images/apm-card-small-8c.png" alt="8c" title="8c">
<img src="../../../../../../anki_poker_master/resources/images/apm-card-small-4s.png" alt="4s" title="4s">
<img src="../../../../../../anki_poker_master/resources/images/apm-card-small-Qh.png" alt="Qh" title="Qh">
</div>
<table class="player-actions">
<thead>
<tr>
<th scope="col">Player</th>
<th scope="col">Stack</th>
<th scope="col" colspan="1">Actions</th>
</tr></thead>
<tbody>
<tr class="not-playing">
<td>SB</td>
<td>24.9</td>
<td></td></tr>
<tr class="not-playing">
<td>BB</td>
<td>24.75</td>
<td></td></tr>
<tr>
<td>A</td>
<td>45.4</td>
<td><span class="bet-action">B 20</span></td></tr>
<tr class="not-playing">
<td>B</td>
<td>25</td>
<td></td></tr>
<tr class="not-playing">
<td>C</td>
<td>25</td>
<td></td></tr>
<tr class="not-playing">
<td>D</td>
<td>19.4</td>
<td></td></tr>
<tr class="not-playing">
<td>E</td>
<td>25</td>
<td></td></tr>
<tr class="not-playing">
<td>F</td>
<td>25</td>
<td></td></tr>
<tr class="hero">
<td>G <span class="dealerbtn">D</span></td>
<td>17.4</td>
<td><span class="question-action">?</span></td></tr>
</tbody>
</table>
<p>
<strong>What do you do?</strong>
</p>
</div>
</body>
</html>
